[2026-07-10 21:59:55,888] INFO in app: Campus Unlock application initialized successfully.
[2026-07-10 22:00:32,977] INFO in app: Campus Unlock application initialized successfully.
[2026-07-10 22:08:41,937] INFO in app: Campus Unlock application initialized successfully.
[2026-07-10 22:08:56,245] INFO in app: Campus Unlock application initialized successfully.
[2026-07-11 16:40:38,995] INFO in app: Campus Unlock application initialized successfully.
[2026-07-11 22:46:46,440] INFO in app: Campus Unlock application initialized successfully.
[2026-07-11 22:58:51,740] WARNING in app: 404 Not Found: 404 Not Found: The requested URL was not found on the server. If you entered the URL manually please check your spelling and try again.
[2026-07-11 22:59:03,601] WARNING in app: 404 Not Found: 404 Not Found: The requested URL was not found on the server. If you entered the URL manually please check your spelling and try again.
[2026-07-11 23:07:26,347] INFO in app: Campus Unlock application initialized successfully.
[2026-07-11 23:07:53,958] WARNING in app: 404 Not Found: 404 Not Found: The requested URL was not found on the server. If you entered the URL manually please check your spelling and try again.
[2026-07-11 23:50:13,828] WARNING in app: 404 Not Found: 404 Not Found: The requested URL was not found on the server. If you entered the URL manually please check your spelling and try again.
[2026-07-13 12:48:12,957] INFO in app: Campus Unlock application initialized successfully.
[2026-07-13 12:54:05,745] WARNING in app: 404 Not Found: 404 Not Found: The requested URL was not found on the server. If you entered the URL manually please check your spelling and try again.
[2026-07-13 13:01:16,702] INFO in app: Campus Unlock application initialized successfully.
[2026-07-13 13:21:45,235] INFO in app: Campus Unlock application initialized successfully.
[2026-07-13 13:21:58,341] INFO in app: Campus Unlock application initialized successfully.
[2026-07-13 13:25:02,141] INFO in app: Campus Unlock application initialized successfully.
[2026-07-13 13:25:03,167] INFO in app: Campus Unlock application initialized successfully.
[2026-07-13 13:25:04,309] INFO in app: Campus Unlock application initialized successfully.
[2026-07-13 13:27:25,335] INFO in app: Campus Unlock application initialized successfully.
[2026-07-13 13:59:21,183] INFO in app: Campus Unlock application initialized successfully.
[2026-07-13 14:08:02,357] INFO in app: Campus Unlock application initialized successfully.
[2026-07-14 09:33:54,946] INFO in app: Campus Unlock application initialized successfully.
[2026-07-14 09:49:09,157] WARNING in app: 404 Not Found: 404 Not Found: The requested URL was not found on the server. If you entered the URL manually please check your spelling and try again.
[2026-07-14 09:49:17,575] WARNING in app: 404 Not Found: 404 Not Found: The requested URL was not found on the server. If you entered the URL manually please check your spelling and try again.
[2026-07-14 09:49:18,692] WARNING in app: 404 Not Found: 404 Not Found: The requested URL was not found on the server. If you entered the URL manually please check your spelling and try again.
[2026-07-14 09:50:23,554] WARNING in app: 404 Not Found: 404 Not Found: The requested URL was not found on the server. If you entered the URL manually please check your spelling and try again.
[2026-07-14 09:50:28,504] WARNING in app: 404 Not Found: 404 Not Found: The requested URL was not found on the server. If you entered the URL manually please check your spelling and try again.
[2026-07-14 09:50:29,488] WARNING in app: 404 Not Found: 404 Not Found: The requested URL was not found on the server. If you entered the URL manually please check your spelling and try again.
[2026-07-14 09:50:29,861] WARNING in app: 404 Not Found: 404 Not Found: The requested URL was not found on the server. If you entered the URL manually please check your spelling and try again.
[2026-07-14 09:50:30,038] WARNING in app: 404 Not Found: 404 Not Found: The requested URL was not found on the server. If you entered the URL manually please check your spelling and try again.
[2026-07-14 09:50:30,208] WARNING in app: 404 Not Found: 404 Not Found: The requested URL was not found on the server. If you entered the URL manually please check your spelling and try again.
[2026-07-14 09:50:30,363] WARNING in app: 404 Not Found: 404 Not Found: The requested URL was not found on the server. If you entered the URL manually please check your spelling and try again.
[2026-07-14 09:50:30,519] WARNING in app: 404 Not Found: 404 Not Found: The requested URL was not found on the server. If you entered the URL manually please check your spelling and try again.
[2026-07-14 09:50:30,674] WARNING in app: 404 Not Found: 404 Not Found: The requested URL was not found on the server. If you entered the URL manually please check your spelling and try again.
[2026-07-14 09:50:30,812] WARNING in app: 404 Not Found: 404 Not Found: The requested URL was not found on the server. If you entered the URL manually please check your spelling and try again.
[2026-07-14 09:50:30,944] WARNING in app: 404 Not Found: 404 Not Found: The requested URL was not found on the server. If you entered the URL manually please check your spelling and try again.
[2026-07-14 09:50:31,112] WARNING in app: 404 Not Found: 404 Not Found: The requested URL was not found on the server. If you entered the URL manually please check your spelling and try again.
[2026-07-14 09:50:31,280] WARNING in app: 404 Not Found: 404 Not Found: The requested URL was not found on the server. If you entered the URL manually please check your spelling and try again.
[2026-07-14 09:50:31,577] WARNING in app: 404 Not Found: 404 Not Found: The requested URL was not found on the server. If you entered the URL manually please check your spelling and try again.
[2026-07-14 09:50:31,885] WARNING in app: 404 Not Found: 404 Not Found: The requested URL was not found on the server. If you entered the URL manually please check your spelling and try again.
[2026-07-14 09:50:32,027] WARNING in app: 404 Not Found: 404 Not Found: The requested URL was not found on the server. If you entered the URL manually please check your spelling and try again.
[2026-07-14 09:50:32,197] WARNING in app: 404 Not Found: 404 Not Found: The requested URL was not found on the server. If you entered the URL manually please check your spelling and try again.
[2026-07-14 09:50:32,373] WARNING in app: 404 Not Found: 404 Not Found: The requested URL was not found on the server. If you entered the URL manually please check your spelling and try again.
[2026-07-14 09:50:32,537] WARNING in app: 404 Not Found: 404 Not Found: The requested URL was not found on the server. If you entered the URL manually please check your spelling and try again.
[2026-07-14 09:50:32,700] WARNING in app: 404 Not Found: 404 Not Found: The requested URL was not found on the server. If you entered the URL manually please check your spelling and try again.
[2026-07-14 09:50:32,988] WARNING in app: 404 Not Found: 404 Not Found: The requested URL was not found on the server. If you entered the URL manually please check your spelling and try again.
[2026-07-14 09:50:33,352] WARNING in app: 404 Not Found: 404 Not Found: The requested URL was not found on the server. If you entered the URL manually please check your spelling and try again.
[2026-07-14 10:05:23,980] INFO in app: Campus Unlock application initialized successfully.
[2026-07-14 10:06:56,308] INFO in app: Campus Unlock application initialized successfully.
[2026-07-14 10:57:48,771] INFO in app: Campus Unlock application initialized successfully.
[2026-07-14 10:58:00,516] ERROR in app: Unhandled exception: login.html
Traceback (most recent call last):
  File "C:\Users\DELL\AppData\Local\Programs\Python\Python314\Lib\site-packages\flask\app.py", line 917, in full_dispatch_request
    rv = self.dispatch_request()
  File "C:\Users\DELL\AppData\Local\Programs\Python\Python314\Lib\site-packages\flask\app.py", line 902, in dispatch_request
    return self.ensure_sync(self.view_functions[rule.endpoint])(**view_args)  # type: ignore[no-any-return]
           ~~~~~~~~~~~~~~~~~~~~~~~~~~~~~~~~~~~~~~~~~~~~~~~~~~~~^^^^^^^^^^^^^
  File "D:\Project\Campus Unlock\routes\main.py", line 1356, in login
    return render_template("login.html")
  File "C:\Users\DELL\AppData\Local\Programs\Python\Python314\Lib\site-packages\flask\templating.py", line 149, in render_template
    template = app.jinja_env.get_or_select_template(template_name_or_list)
  File "C:\Users\DELL\AppData\Local\Programs\Python\Python314\Lib\site-packages\jinja2\environment.py", line 1087, in get_or_select_template
    return self.get_template(template_name_or_list, parent, globals)
           ~~~~~~~~~~~~~~~~~^^^^^^^^^^^^^^^^^^^^^^^^^^^^^^^^^^^^^^^^
  File "C:\Users\DELL\AppData\Local\Programs\Python\Python314\Lib\site-packages\jinja2\environment.py", line 1016, in get_template
    return self._load_template(name, globals)
           ~~~~~~~~~~~~~~~~~~~^^^^^^^^^^^^^^^
  File "C:\Users\DELL\AppData\Local\Programs\Python\Python314\Lib\site-packages\jinja2\environment.py", line 975, in _load_template
    template = self.loader.load(self, name, self.make_globals(globals))
  File "C:\Users\DELL\AppData\Local\Programs\Python\Python314\Lib\site-packages\jinja2\loaders.py", line 126, in load
    source, filename, uptodate = self.get_source(environment, name)
                                 ~~~~~~~~~~~~~~~^^^^^^^^^^^^^^^^^^^
  File "C:\Users\DELL\AppData\Local\Programs\Python\Python314\Lib\site-packages\flask\templating.py", line 65, in get_source
    return self._get_source_fast(environment, template)
           ~~~~~~~~~~~~~~~~~~~~~^^^^^^^^^^^^^^^^^^^^^^^
  File "C:\Users\DELL\AppData\Local\Programs\Python\Python314\Lib\site-packages\flask\templating.py", line 99, in _get_source_fast
    raise TemplateNotFound(template)
jinja2.exceptions.TemplateNotFound: login.html
[2026-07-14 10:58:04,600] ERROR in app: Unhandled exception: register.html
Traceback (most recent call last):
  File "C:\Users\DELL\AppData\Local\Programs\Python\Python314\Lib\site-packages\flask\app.py", line 917, in full_dispatch_request
    rv = self.dispatch_request()
  File "C:\Users\DELL\AppData\Local\Programs\Python\Python314\Lib\site-packages\flask\app.py", line 902, in dispatch_request
    return self.ensure_sync(self.view_functions[rule.endpoint])(**view_args)  # type: ignore[no-any-return]
           ~~~~~~~~~~~~~~~~~~~~~~~~~~~~~~~~~~~~~~~~~~~~~~~~~~~~^^^^^^^^^^^^^
  File "D:\Project\Campus Unlock\routes\main.py", line 1317, in register
    return render_template("register.html")
  File "C:\Users\DELL\AppData\Local\Programs\Python\Python314\Lib\site-packages\flask\templating.py", line 149, in render_template
    template = app.jinja_env.get_or_select_template(template_name_or_list)
  File "C:\Users\DELL\AppData\Local\Programs\Python\Python314\Lib\site-packages\jinja2\environment.py", line 1087, in get_or_select_template
    return self.get_template(template_name_or_list, parent, globals)
           ~~~~~~~~~~~~~~~~~^^^^^^^^^^^^^^^^^^^^^^^^^^^^^^^^^^^^^^^^
  File "C:\Users\DELL\AppData\Local\Programs\Python\Python314\Lib\site-packages\jinja2\environment.py", line 1016, in get_template
    return self._load_template(name, globals)
           ~~~~~~~~~~~~~~~~~~~^^^^^^^^^^^^^^^
  File "C:\Users\DELL\AppData\Local\Programs\Python\Python314\Lib\site-packages\jinja2\environment.py", line 975, in _load_template
    template = self.loader.load(self, name, self.make_globals(globals))
  File "C:\Users\DELL\AppData\Local\Programs\Python\Python314\Lib\site-packages\jinja2\loaders.py", line 126, in load
    source, filename, uptodate = self.get_source(environment, name)
                                 ~~~~~~~~~~~~~~~^^^^^^^^^^^^^^^^^^^
  File "C:\Users\DELL\AppData\Local\Programs\Python\Python314\Lib\site-packages\flask\templating.py", line 65, in get_source
    return self._get_source_fast(environment, template)
           ~~~~~~~~~~~~~~~~~~~~~^^^^^^^^^^^^^^^^^^^^^^^
  File "C:\Users\DELL\AppData\Local\Programs\Python\Python314\Lib\site-packages\flask\templating.py", line 99, in _get_source_fast
    raise TemplateNotFound(template)
jinja2.exceptions.TemplateNotFound: register.html
[2026-07-14 10:58:22,697] ERROR in app: Unhandled exception: login.html
Traceback (most recent call last):
  File "C:\Users\DELL\AppData\Local\Programs\Python\Python314\Lib\site-packages\flask\app.py", line 917, in full_dispatch_request
    rv = self.dispatch_request()
  File "C:\Users\DELL\AppData\Local\Programs\Python\Python314\Lib\site-packages\flask\app.py", line 902, in dispatch_request
    return self.ensure_sync(self.view_functions[rule.endpoint])(**view_args)  # type: ignore[no-any-return]
           ~~~~~~~~~~~~~~~~~~~~~~~~~~~~~~~~~~~~~~~~~~~~~~~~~~~~^^^^^^^^^^^^^
  File "D:\Project\Campus Unlock\routes\main.py", line 1356, in login
    return render_template("login.html")
  File "C:\Users\DELL\AppData\Local\Programs\Python\Python314\Lib\site-packages\flask\templating.py", line 149, in render_template
    template = app.jinja_env.get_or_select_template(template_name_or_list)
  File "C:\Users\DELL\AppData\Local\Programs\Python\Python314\Lib\site-packages\jinja2\environment.py", line 1087, in get_or_select_template
    return self.get_template(template_name_or_list, parent, globals)
           ~~~~~~~~~~~~~~~~~^^^^^^^^^^^^^^^^^^^^^^^^^^^^^^^^^^^^^^^^
  File "C:\Users\DELL\AppData\Local\Programs\Python\Python314\Lib\site-packages\jinja2\environment.py", line 1016, in get_template
    return self._load_template(name, globals)
           ~~~~~~~~~~~~~~~~~~~^^^^^^^^^^^^^^^
  File "C:\Users\DELL\AppData\Local\Programs\Python\Python314\Lib\site-packages\jinja2\environment.py", line 975, in _load_template
    template = self.loader.load(self, name, self.make_globals(globals))
  File "C:\Users\DELL\AppData\Local\Programs\Python\Python314\Lib\site-packages\jinja2\loaders.py", line 126, in load
    source, filename, uptodate = self.get_source(environment, name)
                                 ~~~~~~~~~~~~~~~^^^^^^^^^^^^^^^^^^^
  File "C:\Users\DELL\AppData\Local\Programs\Python\Python314\Lib\site-packages\flask\templating.py", line 65, in get_source
    return self._get_source_fast(environment, template)
           ~~~~~~~~~~~~~~~~~~~~~^^^^^^^^^^^^^^^^^^^^^^^
  File "C:\Users\DELL\AppData\Local\Programs\Python\Python314\Lib\site-packages\flask\templating.py", line 99, in _get_source_fast
    raise TemplateNotFound(template)
jinja2.exceptions.TemplateNotFound: login.html
[2026-07-14 11:00:51,392] INFO in app: Campus Unlock application initialized successfully.
[2026-07-14 11:01:08,675] ERROR in app: Unhandled exception: Could not build url for endpoint 'main.register'. Did you mean 'main.register' instead?
Traceback (most recent call last):
  File "C:\Users\DELL\AppData\Local\Programs\Python\Python314\Lib\site-packages\flask\app.py", line 917, in full_dispatch_request
    rv = self.dispatch_request()
  File "C:\Users\DELL\AppData\Local\Programs\Python\Python314\Lib\site-packages\flask\app.py", line 902, in dispatch_request
    return self.ensure_sync(self.view_functions[rule.endpoint])(**view_args)  # type: ignore[no-any-return]
           ~~~~~~~~~~~~~~~~~~~~~~~~~~~~~~~~~~~~~~~~~~~~~~~~~~~~^^^^^^^^^^^^^
  File "D:\Project\Campus Unlock\routes\main.py", line 1317, in register
    return render_template("register.html")
  File "C:\Users\DELL\AppData\Local\Programs\Python\Python314\Lib\site-packages\flask\templating.py", line 150, in render_template
    return _render(app, template, context)
  File "C:\Users\DELL\AppData\Local\Programs\Python\Python314\Lib\site-packages\flask\templating.py", line 131, in _render
    rv = template.render(context)
  File "C:\Users\DELL\AppData\Local\Programs\Python\Python314\Lib\site-packages\jinja2\environment.py", line 1295, in render
    self.environment.handle_exception()
    ~~~~~~~~~~~~~~~~~~~~~~~~~~~~~~~~~^^
  File "C:\Users\DELL\AppData\Local\Programs\Python\Python314\Lib\site-packages\jinja2\environment.py", line 942, in handle_exception
    raise rewrite_traceback_stack(source=source)
  File "D:\Project\Campus Unlock\templates\register.html", line 1, in top-level template code
    {% extends "base.html" %}
  File "D:\Project\Campus Unlock\templates\base.html", line 21, in top-level template code
    {% block content %}{% endblock %}
    ^^^^^^^^^^^^^^^^^^^^^^^^^
  File "D:\Project\Campus Unlock\templates\register.html", line 21, in block 'content'
    <form method="POST" action="{{ url_for('main.register') }}" novalidate>
    ^^^^^^^^^^^^^^^^^^^^^
  File "C:\Users\DELL\AppData\Local\Programs\Python\Python314\Lib\site-packages\flask\app.py", line 1121, in url_for
    return self.handle_url_build_error(error, endpoint, values)
           ~~~~~~~~~~~~~~~~~~~~~~~~~~~^^^^^^^^^^^^^^^^^^^^^^^^^
  File "C:\Users\DELL\AppData\Local\Programs\Python\Python314\Lib\site-packages\flask\app.py", line 1110, in url_for
    rv = url_adapter.build(  # type: ignore[union-attr]
        endpoint,
    ...<3 lines>...
        force_external=_external,
    )
  File "C:\Users\DELL\AppData\Local\Programs\Python\Python314\Lib\site-packages\werkzeug\routing\map.py", line 924, in build
    raise BuildError(endpoint, values, method, self)
werkzeug.routing.exceptions.BuildError: Could not build url for endpoint 'main.register'. Did you mean 'main.register' instead?
[2026-07-14 11:07:30,544] INFO in app: Campus Unlock application initialized successfully.
[2026-07-14 11:12:17,238] INFO in app: Campus Unlock application initialized successfully.
[2026-07-14 11:19:45,435] INFO in app: Campus Unlock application initialized successfully.
[2026-07-14 11:29:13,056] WARNING in app: 404 Not Found: 404 Not Found: The requested URL was not found on the server. If you entered the URL manually please check your spelling and try again.
[2026-07-14 11:33:52,068] INFO in app: Campus Unlock application initialized successfully.
[2026-07-14 11:38:41,051] INFO in app: Campus Unlock application initialized successfully.
[2026-07-14 11:54:24,672] WARNING in app: 404 Not Found: 404 Not Found: The requested URL was not found on the server. If you entered the URL manually please check your spelling and try again.
[2026-07-14 11:54:26,423] WARNING in app: 404 Not Found: 404 Not Found: The requested URL was not found on the server. If you entered the URL manually please check your spelling and try again.
[2026-07-14 12:04:13,959] INFO in app: Campus Unlock application initialized successfully.
[2026-07-14 23:16:00,840] INFO in app: Campus Unlock application initialized successfully.
[2026-07-14 23:17:02,651] INFO in app: Campus Unlock application initialized successfully.
[2026-07-14 23:33:02,488] INFO in app: Campus Unlock application initialized successfully.
[2026-07-15 00:29:48,502] INFO in app: Campus Unlock application initialized successfully.
[2026-07-15 18:11:04,436] INFO in app: Campus Unlock application initialized successfully.
[2026-07-15 18:13:43,103] INFO in app: Campus Unlock application initialized successfully.
[2026-07-15 18:14:04,069] WARNING in app: 404 Not Found: 404 Not Found: The requested URL was not found on the server. If you entered the URL manually please check your spelling and try again.
[2026-07-15 18:14:53,377] WARNING in app: 404 Not Found: 404 Not Found: The requested URL was not found on the server. If you entered the URL manually please check your spelling and try again.
[2026-07-15 18:24:41,149] WARNING in app: 404 Not Found: 404 Not Found: The requested URL was not found on the server. If you entered the URL manually please check your spelling and try again.
[2026-07-16 00:36:44,732] INFO in app: Campus Unlock application initialized successfully.
[2026-07-16 14:32:05,485] INFO in app: Campus Unlock application initialized successfully.
[2026-07-16 14:32:40,757] WARNING in app: 404 Not Found: 404 Not Found: The requested URL was not found on the server. If you entered the URL manually please check your spelling and try again.
[2026-07-16 14:33:06,945] WARNING in app: 404 Not Found: 404 Not Found: The requested URL was not found on the server. If you entered the URL manually please check your spelling and try again.
[2026-07-16 15:34:55,879] INFO in app: Campus Unlock application initialized successfully.
[2026-07-16 15:35:18,518] WARNING in app: 404 Not Found: 404 Not Found: The requested URL was not found on the server. If you entered the URL manually please check your spelling and try again.
